// Jest Snapshot v1, https://goo.gl/fbAQLP

exports[`renders without crashing 1`] = `
<div
  class="css-nil"
>
  Welcome to React
</div>
`;
